[risingtheme.com/html/demo-furea/furea/index.html]
[backblue.gif]
[fade.gif]
[index.html]
[risingtheme.com/html/demo-furea/furea/assets/img/favicon.ico]
[risingtheme.com/html/demo-furea/furea/assets/css/plugins/swiper-bundle.min.css]
[risingtheme.com/html/demo-furea/furea/assets/css/plugins/glightbox.min.css]
[risingtheme.com/html/demo-furea/furea/assets/css/style.css]
[risingtheme.com/html/demo-furea/furea/assets/img/icon/usd-icon.webp]
[risingtheme.com/html/demo-furea/furea/assets/img/icon/language-icon.webp]
[risingtheme.com/html/demo-furea/furea/assets/img/logo/nav-log.webp]
[risingtheme.com/html/demo-furea/furea/index-2.html]
[risingtheme.com/html/demo-furea/furea/index-3.html]
[risingtheme.com/html/demo-furea/furea/shop.html]
[risingtheme.com/html/demo-furea/furea/shop-right-sidebar.html]
[risingtheme.com/html/demo-furea/furea/shop-grid.html]
[risingtheme.com/html/demo-furea/furea/shop-grid-list.html]
[risingtheme.com/html/demo-furea/furea/shop-list.html]
[risingtheme.com/html/demo-furea/furea/product-details.html]
[risingtheme.com/html/demo-furea/furea/product-variable.html]
[risingtheme.com/html/demo-furea/furea/product-left-sidebar.html]
[risingtheme.com/html/demo-furea/furea/product-gallery.html]
[risingtheme.com/html/demo-furea/furea/my-account.html]
[risingtheme.com/html/demo-furea/furea/my-account-2.html]
[risingtheme.com/html/demo-furea/furea/404.html]
[risingtheme.com/html/demo-furea/furea/login.html]
[risingtheme.com/html/demo-furea/furea/faq.html]
[risingtheme.com/html/demo-furea/furea/compare.html]
[risingtheme.com/html/demo-furea/furea/cart.html]
[risingtheme.com/html/demo-furea/furea/checkout.html]
[risingtheme.com/html/demo-furea/furea/wishlist.html]
[risingtheme.com/html/demo-furea/furea/about.html]
[risingtheme.com/html/demo-furea/furea/blog.html]
[risingtheme.com/html/demo-furea/furea/blog-details.html]
[risingtheme.com/html/demo-furea/furea/blog-left-sidebar.html]
[risingtheme.com/html/demo-furea/furea/blog-right-sidebar.html]
[risingtheme.com/html/demo-furea/furea/contact.html]
[risingtheme.com/html/demo-furea/furea/portfolio.html]
[risingtheme.com/html/demo-furea/furea/assets/img/product/product1.webp]
[risingtheme.com/html/demo-furea/furea/assets/img/product/product2.webp]
[risingtheme.com/html/demo-furea/furea/privacy-policy.html]
[risingtheme.com/html/demo-furea/furea/assets/img/banner/banner1.webp]
[risingtheme.com/html/demo-furea/furea/assets/img/banner/banner2.webp]
[risingtheme.com/html/demo-furea/furea/assets/img/banner/banner3.webp]
[risingtheme.com/html/demo-furea/furea/assets/img/banner/banner4.webp]
[risingtheme.com/html/demo-furea/furea/assets/img/banner/banner5.webp]
[risingtheme.com/html/demo-furea/furea/assets/img/product/product3.webp]
[risingtheme.com/html/demo-furea/furea/assets/img/product/product4.webp]
[risingtheme.com/html/demo-furea/furea/assets/img/product/product5.webp]
[risingtheme.com/html/demo-furea/furea/assets/img/product/product6.webp]
[risingtheme.com/html/demo-furea/furea/assets/img/product/product7.webp]
[risingtheme.com/html/demo-furea/furea/assets/img/product/product8.webp]
[risingtheme.com/html/demo-furea/furea/assets/img/product/product9.webp]
[risingtheme.com/html/demo-furea/furea/assets/img/product/product10.webp]
[risingtheme.com/html/demo-furea/furea/assets/img/product/product11.webp]
[risingtheme.com/html/demo-furea/furea/assets/img/product/product12.webp]
[risingtheme.com/html/demo-furea/furea/assets/img/product/product13.webp]
[risingtheme.com/html/demo-furea/furea/assets/img/product/product14.webp]
[risingtheme.com/html/demo-furea/furea/assets/img/product/product15.webp]
[risingtheme.com/html/demo-furea/furea/assets/img/banner/banner6.webp]
[risingtheme.com/html/demo-furea/furea/assets/img/banner/banner7.webp]
[risingtheme.com/html/demo-furea/furea/assets/img/banner/banner8.webp]
[risingtheme.com/html/demo-furea/furea/assets/img/other/heading-shape-img.webp]
[risingtheme.com/html/demo-furea/furea/assets/img/banner/banner9.webp]
[risingtheme.com/html/demo-furea/furea/assets/img/banner/banner-bg1.webp]
[risingtheme.com/html/demo-furea/furea/assets/img/banner/banner10.webp]
[risingtheme.com/html/demo-furea/furea/assets/img/other/testimonial-thumb1.webp]
[risingtheme.com/html/demo-furea/furea/assets/img/other/testimonial-thumb2.webp]
[risingtheme.com/html/demo-furea/furea/assets/img/banner/banner-bg2.webp]
[risingtheme.com/html/demo-furea/furea/assets/img/blog/blog1.webp]
[risingtheme.com/html/demo-furea/furea/assets/img/blog/blog2.webp]
[risingtheme.com/html/demo-furea/furea/assets/img/blog/blog3.webp]
[risingtheme.com/html/demo-furea/furea/assets/img/blog/blog4.webp]
[risingtheme.com/html/demo-furea/furea/assets/img/other/instagram1.webp]
[risingtheme.com/html/demo-furea/furea/assets/img/other/instagram2.webp]
[risingtheme.com/html/demo-furea/furea/assets/img/other/instagram3.webp]
[risingtheme.com/html/demo-furea/furea/assets/img/other/instagram4.webp]
[risingtheme.com/html/demo-furea/furea/assets/img/other/instagram5.webp]
[risingtheme.com/html/demo-furea/furea/assets/img/other/instagram6.webp]
[risingtheme.com/html/demo-furea/furea/assets/img/other/instagram7.webp]
[risingtheme.com/html/demo-furea/furea/assets/img/other/payment-visa-card.webp]
[risingtheme.com/html/demo-furea/furea/assets/img/product/big-product1.webp]
[risingtheme.com/html/demo-furea/furea/assets/img/product/big-product2.webp]
[risingtheme.com/html/demo-furea/furea/assets/img/product/big-product3.webp]
[risingtheme.com/html/demo-furea/furea/assets/img/product/big-product4.webp]
[risingtheme.com/html/demo-furea/furea/assets/img/product/big-product5.webp]
[risingtheme.com/html/demo-furea/furea/assets/img/product/big-product6.webp]
[risingtheme.com/html/demo-furea/furea/assets/img/product/small-product1.webp]
[risingtheme.com/html/demo-furea/furea/assets/img/product/small-product2.webp]
[risingtheme.com/html/demo-furea/furea/assets/img/product/small-product3.webp]
[risingtheme.com/html/demo-furea/furea/assets/img/product/small-product4.webp]
[risingtheme.com/html/demo-furea/furea/assets/img/product/small-product5.webp]
[risingtheme.com/html/demo-furea/furea/assets/img/product/small-product6.webp]
[risingtheme.com/html/demo-furea/furea/assets/img/banner/newsletter-popup-thumb.png]
[risingtheme.com/html/demo-furea/furea/assets/js/plugins/swiper-bundle.min.js]
[risingtheme.com/html/demo-furea/furea/assets/js/plugins/glightbox.min.js]
[risingtheme.com/html/demo-furea/furea/index.html]
[risingtheme.com/html/demo-furea/furea/assets/css/plugins/swiper-bundle.min.css]
[risingtheme.com/html/demo-furea/furea/assets/css/plugins/glightbox.min.css]
[risingtheme.com/html/demo-furea/furea/assets/js/script.js]
[risingtheme.com/html/demo-furea/furea/assets/img/icon/left-arrow-angle.webp]
[risingtheme.com/html/demo-furea/furea/assets/img/icon/right-arrow-angle.webp]
[risingtheme.com/html/demo-furea/furea/assets/img/slider/home1-slider1.webp]
[risingtheme.com/html/demo-furea/furea/assets/img/slider/home1-slider2.webp]
[risingtheme.com/html/demo-furea/furea/assets/img/slider/home1-slider3.webp]
[risingtheme.com/html/demo-furea/furea/assets/img/slider/home2-slider1.webp]
[risingtheme.com/html/demo-furea/furea/assets/img/slider/home2-slider2.webp]
[risingtheme.com/html/demo-furea/furea/assets/img/slider/home3-slider1.webp]
[risingtheme.com/html/demo-furea/furea/assets/img/slider/home3-slider2.webp]
[risingtheme.com/html/demo-furea/furea/assets/img/banner/border-shape.webp]
[risingtheme.com/html/demo-furea/furea/assets/img/banner/footer-bg.webp]
[risingtheme.com/html/demo-furea/furea/assets/img/banner/breadcrumb-bg.webp]
[risingtheme.com/html/demo-furea/furea/assets/img/banner/banner-bg4.webp]
[risingtheme.com/html/demo-furea/furea/assets/img/other/widget-shape.webp]
[risingtheme.com/html/demo-furea/furea/assets/css/style.css]
[risingtheme.com/html/demo-furea/furea/assets/img/logo/nav-log2.webp]
[risingtheme.com/html/demo-furea/furea/assets/img/banner/banner11.webp]
[risingtheme.com/html/demo-furea/furea/assets/img/banner/banner12.webp]
[risingtheme.com/html/demo-furea/furea/assets/img/banner/banner13.webp]
[risingtheme.com/html/demo-furea/furea/assets/img/banner/banner14.webp]
[risingtheme.com/html/demo-furea/furea/assets/img/banner/banner17.webp]
[risingtheme.com/html/demo-furea/furea/assets/img/banner/banner16.webp]
[risingtheme.com/html/demo-furea/furea/assets/img/banner/banner15.webp]
[risingtheme.com/html/demo-furea/furea/assets/img/banner/banner-bg3.webp]
[risingtheme.com/html/demo-furea/furea/assets/img/banner/banner18.webp]
[risingtheme.com/html/demo-furea/furea/assets/img/banner/banner19.webp]
[risingtheme.com/html/demo-furea/furea/assets/img/other/testimonial-thumb3.webp]
[risingtheme.com/html/demo-furea/furea/assets/img/other/testimonial-shape.webp]
[risingtheme.com/html/demo-furea/furea/assets/img/other/testimonial-shape2.webp]
[risingtheme.com/html/demo-furea/furea/assets/img/banner/newsletter-popup-thumb2.png]
[risingtheme.com/html/demo-furea/furea/index-2.html]
[risingtheme.com/html/demo-furea/furea/assets/img/logo/nav-log3.webp]
[risingtheme.com/html/demo-furea/furea/assets/img/product/categories-product1.webp]
[risingtheme.com/html/demo-furea/furea/assets/img/product/categories-product2.webp]
[risingtheme.com/html/demo-furea/furea/assets/img/product/categories-product3.webp]
[risingtheme.com/html/demo-furea/furea/assets/img/product/categories-product4.webp]
[risingtheme.com/html/demo-furea/furea/assets/img/product/categories-product5.webp]
[risingtheme.com/html/demo-furea/furea/assets/img/product/categories-product6.webp]
[risingtheme.com/html/demo-furea/furea/assets/img/product/categories-product7.webp]
[risingtheme.com/html/demo-furea/furea/assets/img/product/categories-product8.webp]
[risingtheme.com/html/demo-furea/furea/assets/img/product/categories-product9.webp]
[risingtheme.com/html/demo-furea/furea/assets/img/product/categories-product10.webp]
[risingtheme.com/html/demo-furea/furea/assets/img/product/categories-product11.webp]
[risingtheme.com/html/demo-furea/furea/assets/img/product/categories-product12.webp]
[risingtheme.com/html/demo-furea/furea/assets/img/banner/banner23.webp]
[risingtheme.com/html/demo-furea/furea/assets/img/banner/banner24.webp]
[risingtheme.com/html/demo-furea/furea/assets/img/banner/banner20.webp]
[risingtheme.com/html/demo-furea/furea/assets/img/banner/banner-bg5.webp]
[risingtheme.com/html/demo-furea/furea/assets/img/product/product16.webp]
[risingtheme.com/html/demo-furea/furea/assets/img/product/product17.webp]
[risingtheme.com/html/demo-furea/furea/assets/img/product/product18.webp]
[risingtheme.com/html/demo-furea/furea/assets/img/banner/banner-bg6.webp]
[risingtheme.com/html/demo-furea/furea/assets/img/other/testimonial-thumb4.webp]
[risingtheme.com/html/demo-furea/furea/assets/img/other/testimonial-thumb5.webp]
[risingtheme.com/html/demo-furea/furea/assets/img/other/testimonial-thumb6.webp]
[risingtheme.com/html/demo-furea/furea/assets/img/other/testimonial-thumb7.webp]
[risingtheme.com/html/demo-furea/furea/index-3.html]
[risingtheme.com/html/demo-furea/furea/shop.html]
[risingtheme.com/html/demo-furea/furea/shop-right-sidebar.html]
[risingtheme.com/html/demo-furea/furea/assets/img/banner/banner-bg7.webp]
[risingtheme.com/html/demo-furea/furea/shop-grid.html]
[risingtheme.com/html/demo-furea/furea/shop-grid-list.html]
[risingtheme.com/html/demo-furea/furea/shop-list.html]
[risingtheme.com/html/demo-furea/furea/assets/img/other/safe-checkout.webp]
[risingtheme.com/html/demo-furea/furea/assets/img/other/comment-thumb1.webp]
[risingtheme.com/html/demo-furea/furea/assets/img/other/comment-thumb2.webp]
[risingtheme.com/html/demo-furea/furea/assets/img/other/comment-thumb3.webp]
[risingtheme.com/html/demo-furea/furea/product-details.html]
[risingtheme.com/html/demo-furea/furea/product-variable.html]
[risingtheme.com/html/demo-furea/furea/product-left-sidebar.html]
[risingtheme.com/html/demo-furea/furea/product-gallery.html]
[risingtheme.com/html/demo-furea/furea/my-account.html]
[risingtheme.com/html/demo-furea/furea/my-account-2.html]
[risingtheme.com/html/demo-furea/furea/assets/img/other/404-thumb.webp]
[risingtheme.com/html/demo-furea/furea/404.html]
[risingtheme.com/html/demo-furea/furea/login.html]
[risingtheme.com/html/demo-furea/furea/faq.html]
[risingtheme.com/html/demo-furea/furea/compare.html]
[risingtheme.com/html/demo-furea/furea/assets/img/logo/brand-logo1.webp]
[risingtheme.com/html/demo-furea/furea/assets/img/logo/brand-logo2.webp]
[risingtheme.com/html/demo-furea/furea/assets/img/logo/brand-logo3.webp]
[risingtheme.com/html/demo-furea/furea/assets/img/logo/brand-logo4.webp]
[risingtheme.com/html/demo-furea/furea/assets/img/logo/brand-logo5.webp]
[risingtheme.com/html/demo-furea/furea/cart.html]
[risingtheme.com/html/demo-furea/furea/checkout.html]
[risingtheme.com/html/demo-furea/furea/wishlist.html]
[risingtheme.com/html/demo-furea/furea/assets/img/other/about-thumb-list1.webp]
[risingtheme.com/html/demo-furea/furea/assets/img/other/about-thumb-list2.webp]
[risingtheme.com/html/demo-furea/furea/assets/img/icon/signature.webp]
[risingtheme.com/html/demo-furea/furea/assets/img/other/team1.webp]
[risingtheme.com/html/demo-furea/furea/assets/img/other/team2.webp]
[risingtheme.com/html/demo-furea/furea/assets/img/other/team3.webp]
[risingtheme.com/html/demo-furea/furea/about.html]
[risingtheme.com/html/demo-furea/furea/assets/img/blog/blog5.webp]
[risingtheme.com/html/demo-furea/furea/assets/img/blog/blog6.webp]
[risingtheme.com/html/demo-furea/furea/assets/img/blog/blog7.webp]
[risingtheme.com/html/demo-furea/furea/assets/img/blog/blog8.webp]
[risingtheme.com/html/demo-furea/furea/assets/img/blog/blog9.webp]
[risingtheme.com/html/demo-furea/furea/assets/img/blog/blog10.webp]
[risingtheme.com/html/demo-furea/furea/blog.html]
[risingtheme.com/html/demo-furea/furea/assets/img/blog/blog-page-big1.webp]
[risingtheme.com/html/demo-furea/furea/assets/img/blog/related-post1.webp]
[risingtheme.com/html/demo-furea/furea/assets/img/blog/related-post2.webp]
[risingtheme.com/html/demo-furea/furea/blog-details.html]
[risingtheme.com/html/demo-furea/furea/blog-left-sidebar.html]
[risingtheme.com/html/demo-furea/furea/blog-right-sidebar.html]
[risingtheme.com/html/demo-furea/furea/contact.html]
[risingtheme.com/html/demo-furea/furea/assets/img/other/portfolio1.webp]
[risingtheme.com/html/demo-furea/furea/assets/img/other/portfolio2.webp]
[risingtheme.com/html/demo-furea/furea/assets/img/other/portfolio3.webp]
[risingtheme.com/html/demo-furea/furea/assets/img/other/portfolio4.webp]
[risingtheme.com/html/demo-furea/furea/assets/img/other/portfolio5.webp]
[risingtheme.com/html/demo-furea/furea/assets/img/other/portfolio6.webp]
[risingtheme.com/html/demo-furea/furea/portfolio.html]
[risingtheme.com/html/demo-furea/furea/privacy-policy.html]
